BL51 BANKED LINKER/LOCATER V6.22                                                        03/12/2024  23:23:16  PAGE 1


BL51 BANKED LINKER/LOCATER V6.22, INVOKED BY:
C:\KEIL_C51V956\C51\BIN\BL51.EXE .\Objects\STARTUP.obj, .\Objects\test2.obj TO .\Objects\独立按键test2 PRINT (.\Listings
>> \独立按键test2.m51) RAMSIZE (256)


MEMORY MODEL: SMALL


INPUT MODULES INCLUDED:
  .\Objects\STARTUP.obj (?C_STARTUP)
  .\Objects\test2.obj (TEST2)
  C:\KEIL_C51V956\C51\LIB\C51S.LIB (?C_INIT)


LINK MAP OF MODULE:  .\Objects\独立按键test2 (?C_STARTUP)


            TYPE    BASE      LENGTH    RELOCATION   SEGMENT NAME
            -----------------------------------------------------

            * * * * * * *   D A T A   M E M O R Y   * * * * * * *
            REG     0000H     0008H     ABSOLUTE     "REG BANK 0"
            DATA    0008H     0002H     UNIT         ?DT?TEST2
            IDATA   000AH     0001H     UNIT         ?STACK

            * * * * * * *   C O D E   M E M O R Y   * * * * * * *
            CODE    0000H     0003H     ABSOLUTE     
            CODE    0003H     00A4H     UNIT         ?PR?SCANKEYS_ALONE?TEST2
            CODE    00A7H     008CH     UNIT         ?C_C51STARTUP
            CODE    0133H     000FH     UNIT         ?PR?_DELAY?TEST2
            CODE    0142H     000FH     UNIT         ?PR?_HC_CTRL?TEST2
            CODE    0151H     000CH     UNIT         ?PR?MAIN?TEST2
            CODE    015DH     0005H     UNIT         ?C_INITSEG



OVERLAY MAP OF MODULE:   .\Objects\独立按键test2 (?C_STARTUP)


SEGMENT
  +--> CALLED SEGMENT
---------------------
?C_C51STARTUP
  +--> ?PR?MAIN?TEST2
  +--> ?C_INITSEG

?PR?MAIN?TEST2
  +--> ?PR?_HC_CTRL?TEST2
  +--> ?PR?SCANKEYS_ALONE?TEST2

?PR?SCANKEYS_ALONE?TEST2
  +--> ?PR?_DELAY?TEST2



SYMBOL TABLE OF MODULE:  .\Objects\独立按键test2 (?C_STARTUP)

  VALUE           TYPE          NAME
BL51 BANKED LINKER/LOCATER V6.22                                                      03/12/2024  23:23:16  PAGE 2


  ----------------------------------

  -------         MODULE        ?C_STARTUP
  C:00A7H         SEGMENT       ?C_C51STARTUP
  I:000AH         SEGMENT       ?STACK
  C:0000H         PUBLIC        ?C_STARTUP
  D:00E0H         SYMBOL        ACC
  D:00F0H         SYMBOL        B
  D:0083H         SYMBOL        DPH
  D:0082H         SYMBOL        DPL
  N:0000H         SYMBOL        IBPSTACK
  N:0100H         SYMBOL        IBPSTACKTOP
  N:0080H         SYMBOL        IDATALEN
  C:00AAH         SYMBOL        IDATALOOP
  N:0000H         SYMBOL        PBPSTACK
  N:0100H         SYMBOL        PBPSTACKTOP
  N:0000H         SYMBOL        PDATALEN
  N:0000H         SYMBOL        PDATASTART
  N:0000H         SYMBOL        PPAGE
  N:0000H         SYMBOL        PPAGEENABLE
  D:00A0H         SYMBOL        PPAGE_SFR
  D:0081H         SYMBOL        SP
  C:00A7H         SYMBOL        STARTUP1
  N:0000H         SYMBOL        XBPSTACK
  N:0000H         SYMBOL        XBPSTACKTOP
  N:0000H         SYMBOL        XDATALEN
  N:0000H         SYMBOL        XDATASTART
  C:0000H         LINE#         126
  C:00A7H         LINE#         133
  C:00A9H         LINE#         134
  C:00AAH         LINE#         135
  C:00ABH         LINE#         136
  C:00ADH         LINE#         185
  C:00B0H         LINE#         196
  -------         ENDMOD        ?C_STARTUP

  -------         MODULE        TEST2
  C:0000H         SYMBOL        _ICE_DUMMY_
  B:0080H.2       PUBLIC        L3
  B:0080H.3       PUBLIC        L4
  D:0080H         PUBLIC        P0
  B:0080H.4       PUBLIC        L5
  D:0090H         PUBLIC        P1
  B:0080H.5       PUBLIC        L6
  D:00A0H         PUBLIC        P2
  D:00B0H         PUBLIC        P3
  D:00C0H         PUBLIC        P4
  D:00C8H         PUBLIC        P5
  D:00E8H         PUBLIC        P6
  B:00B0H.3       PUBLIC        S4
  D:00F8H         PUBLIC        P7
  B:00B0H.2       PUBLIC        S5
  B:00B0H.1       PUBLIC        S6
  B:00B0H.0       PUBLIC        S7
  D:00A8H         PUBLIC        IE
  C:0137H         PUBLIC        _delay
  C:0003H         PUBLIC        ScanKeys_alone
BL51 BANKED LINKER/LOCATER V6.22                                                      03/12/2024  23:23:16  PAGE 3


  D:00B8H         PUBLIC        IP
  C:0142H         PUBLIC        _HC_ctrl
  D:00D8H         PUBLIC        CCON
  C:0151H         PUBLIC        main
  D:0098H         PUBLIC        SCON
  D:0088H         PUBLIC        TCON
  B:00A0H.5       PUBLIC        HC138_A
  B:00A0H.6       PUBLIC        HC138_B
  B:00A0H.7       PUBLIC        HC138_C
  D:0008H         PUBLIC        state_key
  D:00D0H         PUBLIC        PSW
  B:0080H.0       PUBLIC        L1
  B:0080H.1       PUBLIC        L2
  C:0133H         SYMBOL        L?0045
  -------         PROC          L?0044
  -------         ENDPROC       L?0044
  C:0133H         SYMBOL        L?0045
  -------         PROC          _DELAY
  D:0006H         SYMBOL        t
  C:0137H         LINE#         22
  C:0137H         LINE#         23
  C:0137H         LINE#         24
  C:0141H         LINE#         25
  -------         ENDPROC       _DELAY
  -------         PROC          _HC_CTRL
  D:0006H         SYMBOL        hc
  C:0142H         LINE#         27
  C:0142H         LINE#         28
  C:0142H         LINE#         29
  C:014AH         LINE#         30
  C:014AH         LINE#         31
  C:014AH         LINE#         32
  C:014CH         LINE#         33
  C:014EH         LINE#         34
  C:0150H         LINE#         35
  C:0150H         LINE#         36
  C:0150H         LINE#         37
  -------         ENDPROC       _HC_CTRL
  -------         PROC          SCANKEYS_ALONE
  C:0003H         LINE#         39
  C:0003H         LINE#         40
  C:0003H         LINE#         41
  C:0006H         LINE#         42
  C:0006H         LINE#         43
  C:0009H         LINE#         44
  C:000CH         LINE#         45
  C:000CH         LINE#         46
  C:0012H         LINE#         47
  C:0012H         LINE#         48
  C:0014H         LINE#         49
  C:0019H         LINE#         50
  C:001BH         LINE#         51
  C:0023H         LINE#         52
  C:0023H         LINE#         53
  C:0025H         LINE#         54
  C:0029H         LINE#         55
  C:0029H         LINE#         56
BL51 BANKED LINKER/LOCATER V6.22                                                      03/12/2024  23:23:16  PAGE 4


  C:002CH         LINE#         57
  C:002CH         LINE#         58
  C:002CH         LINE#         59
  C:002FH         LINE#         60
  C:002FH         LINE#         61
  C:0032H         LINE#         62
  C:0035H         LINE#         63
  C:0035H         LINE#         64
  C:003BH         LINE#         65
  C:003BH         LINE#         66
  C:003DH         LINE#         67
  C:0042H         LINE#         68
  C:0044H         LINE#         69
  C:004CH         LINE#         70
  C:004CH         LINE#         71
  C:004EH         LINE#         72
  C:0052H         LINE#         73
  C:0052H         LINE#         74
  C:0055H         LINE#         75
  C:0055H         LINE#         76
  C:0055H         LINE#         77
  C:0058H         LINE#         78
  C:0058H         LINE#         79
  C:005BH         LINE#         80
  C:005EH         LINE#         81
  C:005EH         LINE#         82
  C:0066H         LINE#         83
  C:0066H         LINE#         84
  C:0068H         LINE#         85
  C:006BH         LINE#         86
  C:006DH         LINE#         87
  C:006FH         LINE#         88
  C:0077H         LINE#         89
  C:0077H         LINE#         90
  C:0079H         LINE#         91
  C:007CH         LINE#         92
  C:007EH         LINE#         93
  C:007EH         LINE#         94
  C:007EH         LINE#         95
  C:007EH         LINE#         96
  C:0081H         LINE#         97
  C:0081H         LINE#         98
  C:0084H         LINE#         99
  C:0087H         LINE#         100
  C:0087H         LINE#         101
  C:008FH         LINE#         102
  C:008FH         LINE#         103
  C:0091H         LINE#         104
  C:0094H         LINE#         105
  C:0096H         LINE#         106
  C:0097H         LINE#         107
  C:009FH         LINE#         108
  C:009FH         LINE#         109
  C:00A1H         LINE#         110
  C:00A4H         LINE#         111
  C:00A6H         LINE#         112
  C:00A6H         LINE#         113
BL51 BANKED LINKER/LOCATER V6.22                                                      03/12/2024  23:23:16  PAGE 5


  C:00A6H         LINE#         114
  C:00A6H         LINE#         115
  -------         ENDPROC       SCANKEYS_ALONE
  -------         PROC          MAIN
  C:0151H         LINE#         117
  C:0151H         LINE#         118
  C:0151H         LINE#         119
  C:0158H         LINE#         120
  C:0158H         LINE#         121
  C:0158H         LINE#         122
  C:015BH         LINE#         123
  -------         ENDPROC       MAIN
  -------         ENDMOD        TEST2

Program Size: data=11.0 xdata=0 code=354
LINK/LOCATE RUN COMPLETE.  0 WARNING(S),  0 ERROR(S)
