BL51 BANKED LINKER/LOCATER V6.22                                                        03/17/2024  16:59:30  PAGE 1


BL51 BANKED LINKER/LOCATER V6.22, INVOKED BY:
C:\KEIL_C51V956\C51\BIN\BL51.EXE .\Objects\STARTUP.obj, .\Objects\TimerTest1.obj TO .\Objects\定时器test1 PRINT (.\Listi
>> ngs\定时器test1.m51) RAMSIZE (256)


MEMORY MODEL: SMALL


INPUT MODULES INCLUDED:
  .\Objects\STARTUP.obj (?C_STARTUP)
  .\Objects\TimerTest1.obj (TIMERTEST1)
  C:\KEIL_C51V956\C51\LIB\C51S.LIB (?C_INIT)
  C:\KEIL_C51V956\C51\LIB\C51S.LIB (?C?UIDIV)


LINK MAP OF MODULE:  .\Objects\定时器test1 (?C_STARTUP)


            TYPE    BASE      LENGTH    RELOCATION   SEGMENT NAME
            -----------------------------------------------------

            * * * * * * *   D A T A   M E M O R Y   * * * * * * *
            REG     0000H     0008H     ABSOLUTE     "REG BANK 0"
            DATA    0008H     0002H     UNIT         ?DT?TIMERTEST1
            IDATA   000AH     0001H     UNIT         ?STACK

            * * * * * * *   C O D E   M E M O R Y   * * * * * * *
            CODE    0000H     0003H     ABSOLUTE     
            CODE    0003H     008CH     UNIT         ?C_C51STARTUP
            CODE    008FH     0055H     UNIT         ?C?LIB_CODE
            CODE    00E4H     002DH     UNIT         ?PR?SERVICETIMER0?TIMERTEST1
            CODE    0111H     0010H     UNIT         ?PR?INITTIMER0?TIMERTEST1
            CODE    0121H     0009H     UNIT         ?PR?HC138_CTRL?TIMERTEST1
            CODE    012AH     0008H     UNIT         ?PR?MAIN?TIMERTEST1
            CODE    0132H     0005H     UNIT         ?C_INITSEG



OVERLAY MAP OF MODULE:   .\Objects\定时器test1 (?C_STARTUP)


SEGMENT
  +--> CALLED SEGMENT
---------------------
?C_C51STARTUP
  +--> ?PR?MAIN?TIMERTEST1
  +--> ?C_INITSEG

?PR?MAIN?TIMERTEST1
  +--> ?PR?HC138_CTRL?TIMERTEST1
  +--> ?PR?INITTIMER0?TIMERTEST1



SYMBOL TABLE OF MODULE:  .\Objects\定时器test1 (?C_STARTUP)

  VALUE           TYPE          NAME
  ----------------------------------
BL51 BANKED LINKER/LOCATER V6.22                                                      03/17/2024  16:59:30  PAGE 2



  -------         MODULE        ?C_STARTUP
  C:0003H         SEGMENT       ?C_C51STARTUP
  I:000AH         SEGMENT       ?STACK
  C:0000H         PUBLIC        ?C_STARTUP
  D:00E0H         SYMBOL        ACC
  D:00F0H         SYMBOL        B
  D:0083H         SYMBOL        DPH
  D:0082H         SYMBOL        DPL
  N:0000H         SYMBOL        IBPSTACK
  N:0100H         SYMBOL        IBPSTACKTOP
  N:0080H         SYMBOL        IDATALEN
  C:0006H         SYMBOL        IDATALOOP
  N:0000H         SYMBOL        PBPSTACK
  N:0100H         SYMBOL        PBPSTACKTOP
  N:0000H         SYMBOL        PDATALEN
  N:0000H         SYMBOL        PDATASTART
  N:0000H         SYMBOL        PPAGE
  N:0000H         SYMBOL        PPAGEENABLE
  D:00A0H         SYMBOL        PPAGE_SFR
  D:0081H         SYMBOL        SP
  C:0003H         SYMBOL        STARTUP1
  N:0000H         SYMBOL        XBPSTACK
  N:0000H         SYMBOL        XBPSTACKTOP
  N:0000H         SYMBOL        XDATALEN
  N:0000H         SYMBOL        XDATASTART
  C:0000H         LINE#         126
  C:0003H         LINE#         133
  C:0005H         LINE#         134
  C:0006H         LINE#         135
  C:0007H         LINE#         136
  C:0009H         LINE#         185
  C:000CH         LINE#         196
  -------         ENDMOD        ?C_STARTUP

  -------         MODULE        TIMERTEST1
  C:0000H         SYMBOL        _ICE_DUMMY_
  D:0080H         PUBLIC        P0
  D:0090H         PUBLIC        P1
  D:00A0H         PUBLIC        P2
  D:00B0H         PUBLIC        P3
  B:0080H.7       PUBLIC        L8
  D:00C0H         PUBLIC        P4
  D:00C8H         PUBLIC        P5
  B:00A8H.7       PUBLIC        EA
  D:00E8H         PUBLIC        P6
  D:00F8H         PUBLIC        P7
  D:00A8H         PUBLIC        IE
  D:00B8H         PUBLIC        IP
  D:00D8H         PUBLIC        CCON
  C:012AH         PUBLIC        main
  C:00E4H         PUBLIC        serviceTimer0
  D:0008H         PUBLIC        count
  D:0098H         PUBLIC        SCON
  D:0089H         PUBLIC        TMOD
  D:0088H         PUBLIC        TCON
  C:0121H         PUBLIC        HC138_ctrl
BL51 BANKED LINKER/LOCATER V6.22                                                      03/17/2024  16:59:30  PAGE 3


  B:00A8H.1       PUBLIC        ET0
  C:0111H         PUBLIC        InitTimer0
  D:008CH         PUBLIC        TH0
  D:008AH         PUBLIC        TL0
  B:0088H.4       PUBLIC        TR0
  D:00D0H         PUBLIC        PSW
  B:0080H.0       PUBLIC        L1
  -------         PROC          HC138_CTRL
  C:0121H         LINE#         6
  C:0121H         LINE#         7
  C:0121H         LINE#         8
  C:0129H         LINE#         9
  -------         ENDPROC       HC138_CTRL
  -------         PROC          INITTIMER0
  C:0111H         LINE#         11
  C:0111H         LINE#         12
  C:0111H         LINE#         13
  C:0114H         LINE#         14
  C:0117H         LINE#         15
  C:011AH         LINE#         17
  C:011CH         LINE#         18
  C:011EH         LINE#         19
  C:0120H         LINE#         20
  -------         ENDPROC       INITTIMER0
  -------         PROC          SERVICETIMER0
  C:00E4H         LINE#         23
  C:00E4H         LINE#         24
  C:00E4H         LINE#         25
  C:00E7H         LINE#         26
  C:00EAH         LINE#         28
  C:00F2H         LINE#         29
  C:0100H         LINE#         30
  C:0100H         LINE#         31
  C:0102H         LINE#         32
  C:0102H         LINE#         33
  C:010AH         LINE#         34
  C:010AH         LINE#         35
  C:010CH         LINE#         36
  C:0110H         LINE#         37
  C:0110H         LINE#         39
  -------         ENDPROC       SERVICETIMER0
  -------         PROC          MAIN
  C:012AH         LINE#         41
  C:012AH         LINE#         42
  C:012AH         LINE#         43
  C:012DH         LINE#         44
  C:0130H         LINE#         45
  C:0130H         LINE#         46
  C:0130H         LINE#         48
  -------         ENDPROC       MAIN
  -------         ENDMOD        TIMERTEST1

  -------         MODULE        ?C?UIDIV
  C:008FH         PUBLIC        ?C?UIDIV
  -------         ENDMOD        ?C?UIDIV

*** WARNING L16: UNCALLED SEGMENT, IGNORED FOR OVERLAY PROCESS
BL51 BANKED LINKER/LOCATER V6.22                                                      03/17/2024  16:59:30  PAGE 4


    SEGMENT: ?PR?SERVICETIMER0?TIMERTEST1

Program Size: data=11.0 xdata=0 code=311
LINK/LOCATE RUN COMPLETE.  1 WARNING(S),  0 ERROR(S)
