BL51 BANKED LINKER/LOCATER V6.22                                                        05/16/2024  19:23:02  PAGE 1


BL51 BANKED LINKER/LOCATER V6.22, INVOKED BY:
C:\KEIL_C51V956\C51\BIN\BL51.EXE .\Objects\STARTUP.obj, .\Objects\csb.obj TO .\Objects\³¬Éù²¨test PRINT (.\Listings\³¬Éù
>> ²¨test.m51) RAMSIZE (256)


MEMORY MODEL: SMALL WITH FLOATING POINT ARITHMETIC


INPUT MODULES INCLUDED:
  .\Objects\STARTUP.obj (?C_STARTUP)
  .\Objects\csb.obj (CSB)
  C:\KEIL_C51V956\C51\LIB\C51FPS.LIB (?C?FPMUL)
  C:\KEIL_C51V956\C51\LIB\C51FPS.LIB (?C?FCAST)
  C:\KEIL_C51V956\C51\LIB\C51FPS.LIB (?C?CASTF)
  C:\KEIL_C51V956\C51\LIB\C51FPS.LIB (?C?FPGETOPN)
  C:\KEIL_C51V956\C51\LIB\C51S.LIB (?C_INIT)
  C:\KEIL_C51V956\C51\LIB\C51S.LIB (?C?UIDIV)
  C:\KEIL_C51V956\C51\LIB\C51S.LIB (?C?LNEG)


LINK MAP OF MODULE:  .\Objects\³¬Éù²¨test (?C_STARTUP)


            TYPE    BASE      LENGTH    RELOCATION   SEGMENT NAME
            -----------------------------------------------------

            * * * * * * *   D A T A   M E M O R Y   * * * * * * *
            REG     0000H     0008H     ABSOLUTE     "REG BANK 0"
            DATA    0008H     0002H     UNIT         ?DT?CSB
            IDATA   000AH     0001H     UNIT         ?STACK

            * * * * * * *   C O D E   M E M O R Y   * * * * * * *
            CODE    0000H     0003H     ABSOLUTE     
            CODE    0003H     0228H     UNIT         ?C?LIB_CODE
            CODE    022BH     008CH     UNIT         ?C_C51STARTUP
            CODE    02B7H     0061H     UNIT         ?PR?SHOWSMG?CSB
            CODE    0318H     005CH     UNIT         ?PR?READ_DIS?CSB
            CODE    0374H     0033H     UNIT         ?PR?_HCSELECT?CSB
            CODE    03A7H     001EH     UNIT         ?PR?_DISPLAYSMG?CSB
            CODE    03C5H     0015H     UNIT         ?PR?_DELAY?CSB
            CODE    03DAH     0012H     UNIT         ?CO?CSB
            CODE    03ECH     0010H     UNIT         ?PR?MAIN?CSB
            CODE    03FCH     0010H     UNIT         ?PR?INITSYS?CSB
            CODE    040CH     0010H     UNIT         ?PR?OFFSMG?CSB
            CODE    041CH     0005H     UNIT         ?C_INITSEG



OVERLAY MAP OF MODULE:   .\Objects\³¬Éù²¨test (?C_STARTUP)


SEGMENT
  +--> CALLED SEGMENT
---------------------
?C_C51STARTUP
  +--> ?PR?MAIN?CSB
  +--> ?C_INITSEG

BL51 BANKED LINKER/LOCATER V6.22                                                      05/16/2024  19:23:02  PAGE 2


?PR?MAIN?CSB
  +--> ?PR?INITSYS?CSB
  +--> ?PR?READ_DIS?CSB
  +--> ?PR?SHOWSMG?CSB

?PR?INITSYS?CSB
  +--> ?PR?_HCSELECT?CSB

?PR?SHOWSMG?CSB
  +--> ?CO?CSB
  +--> ?PR?_DELAY?CSB
  +--> ?PR?OFFSMG?CSB

?PR?_DELAY?CSB
  +--> ?PR?_DISPLAYSMG?CSB

?PR?_DISPLAYSMG?CSB
  +--> ?PR?_HCSELECT?CSB

?PR?OFFSMG?CSB
  +--> ?PR?_HCSELECT?CSB



SYMBOL TABLE OF MODULE:  .\Objects\³¬Éù²¨test (?C_STARTUP)

  VALUE           TYPE          NAME
  ----------------------------------

  -------         MODULE        ?C_STARTUP
  C:022BH         SEGMENT       ?C_C51STARTUP
  I:000AH         SEGMENT       ?STACK
  C:0000H         PUBLIC        ?C_STARTUP
  D:00E0H         SYMBOL        ACC
  D:00F0H         SYMBOL        B
  D:0083H         SYMBOL        DPH
  D:0082H         SYMBOL        DPL
  N:0000H         SYMBOL        IBPSTACK
  N:0100H         SYMBOL        IBPSTACKTOP
  N:0080H         SYMBOL        IDATALEN
  C:022EH         SYMBOL        IDATALOOP
  N:0000H         SYMBOL        PBPSTACK
  N:0100H         SYMBOL        PBPSTACKTOP
  N:0000H         SYMBOL        PDATALEN
  N:0000H         SYMBOL        PDATASTART
  N:0000H         SYMBOL        PPAGE
  N:0000H         SYMBOL        PPAGEENABLE
  D:00A0H         SYMBOL        PPAGE_SFR
  D:0081H         SYMBOL        SP
  C:022BH         SYMBOL        STARTUP1
  N:0000H         SYMBOL        XBPSTACK
  N:0000H         SYMBOL        XBPSTACKTOP
  N:0000H         SYMBOL        XDATALEN
  N:0000H         SYMBOL        XDATASTART
  C:0000H         LINE#         126
  C:022BH         LINE#         133
  C:022DH         LINE#         134
BL51 BANKED LINKER/LOCATER V6.22                                                      05/16/2024  19:23:02  PAGE 3


  C:022EH         LINE#         135
  C:022FH         LINE#         136
  C:0231H         LINE#         185
  C:0234H         LINE#         196
  -------         ENDMOD        ?C_STARTUP

  -------         MODULE        CSB
  C:0000H         SYMBOL        _ICE_DUMMY_
  D:0080H         PUBLIC        P0
  D:0090H         PUBLIC        P1
  D:00A0H         PUBLIC        P2
  D:00B0H         PUBLIC        P3
  D:00C0H         PUBLIC        P4
  D:00C8H         PUBLIC        P5
  D:00E8H         PUBLIC        P6
  D:00F8H         PUBLIC        P7
  B:00D8H.7       PUBLIC        CF
  D:00F9H         PUBLIC        CH
  D:00A8H         PUBLIC        IE
  D:00E9H         PUBLIC        CL
  C:0374H         PUBLIC        _HCselect
  C:03CFH         PUBLIC        _delay
  B:00D8H.6       PUBLIC        CR
  D:00B8H         PUBLIC        IP
  C:0318H         PUBLIC        read_Dis
  D:00D8H         PUBLIC        CCON
  C:040CH         PUBLIC        offSMG
  C:03ECH         PUBLIC        main
  B:0090H.1       PUBLIC        RX
  C:02B7H         PUBLIC        showSMG
  B:0090H.0       PUBLIC        TX
  D:0098H         PUBLIC        SCON
  D:0088H         PUBLIC        TCON
  D:0008H         PUBLIC        distance
  C:03DAH         PUBLIC        SMG_number
  C:03FCH         PUBLIC        InitSys
  C:03A7H         PUBLIC        _displaySMG
  D:00D0H         PUBLIC        PSW
  -------         PROC          MAIN
  C:03ECH         LINE#         20
  C:03ECH         LINE#         21
  C:03ECH         LINE#         22
  C:03EFH         LINE#         23
  C:03EFH         LINE#         24
  C:03EFH         LINE#         25
  C:03F7H         LINE#         26
  C:03FAH         LINE#         27
  -------         ENDPROC       MAIN
  -------         PROC          _HCSELECT
  D:0007H         SYMBOL        channel
  C:0374H         LINE#         30
  C:0374H         LINE#         31
  C:0374H         LINE#         32
  C:0383H         LINE#         33
  C:0383H         LINE#         34
  C:0383H         LINE#         35
  C:038BH         LINE#         36
BL51 BANKED LINKER/LOCATER V6.22                                                      05/16/2024  19:23:02  PAGE 4


  C:038CH         LINE#         37
  C:038CH         LINE#         38
  C:0394H         LINE#         39
  C:0395H         LINE#         40
  C:0395H         LINE#         41
  C:039DH         LINE#         42
  C:039EH         LINE#         43
  C:039EH         LINE#         44
  C:03A6H         LINE#         45
  C:03A6H         LINE#         46
  C:03A6H         LINE#         47
  -------         ENDPROC       _HCSELECT
  -------         PROC          INITSYS
  C:03FCH         LINE#         48
  C:03FCH         LINE#         49
  C:03FCH         LINE#         50
  C:0401H         LINE#         51
  C:0404H         LINE#         52
  C:0408H         LINE#         53
  C:040BH         LINE#         54
  -------         ENDPROC       INITSYS
  -------         PROC          _DISPLAYSMG
  D:0006H         SYMBOL        pos
  D:0005H         SYMBOL        value
  C:03A7H         LINE#         55
  C:03A9H         LINE#         56
  C:03A9H         LINE#         57
  C:03AEH         LINE#         58
  C:03BDH         LINE#         59
  C:03C2H         LINE#         60
  C:03C4H         LINE#         61
  -------         ENDPROC       _DISPLAYSMG
  -------         PROC          OFFSMG
  C:040CH         LINE#         62
  C:040CH         LINE#         63
  C:040CH         LINE#         64
  C:0411H         LINE#         65
  C:0414H         LINE#         66
  C:0418H         LINE#         67
  C:041BH         LINE#         68
  -------         ENDPROC       OFFSMG
  C:03C8H         SYMBOL        L?0030
  -------         PROC          L?0029
  -------         ENDPROC       L?0029
  C:03C8H         SYMBOL        L?0030
  -------         PROC          _DELAY
  D:0006H         SYMBOL        t
  C:03CFH         LINE#         69
  C:03CFH         LINE#         70
  C:03CFH         LINE#         71
  C:03D9H         LINE#         72
  -------         ENDPROC       _DELAY
  -------         PROC          SHOWSMG
  C:02B7H         LINE#         73
  C:02B7H         LINE#         74
  C:02B7H         LINE#         75
  C:02CEH         LINE#         76
BL51 BANKED LINKER/LOCATER V6.22                                                      05/16/2024  19:23:02  PAGE 5


  C:02D1H         LINE#         77
  C:02D4H         LINE#         78
  C:02F2H         LINE#         79
  C:02F5H         LINE#         80
  C:02F8H         LINE#         81
  C:0312H         LINE#         82
  C:0315H         LINE#         83
  -------         ENDPROC       SHOWSMG
  -------         PROC          READ_DIS
  -------         DO            
  D:0007H         SYMBOL        distance
  D:0006H         SYMBOL        num
  -------         ENDDO         
  C:0318H         LINE#         85
  C:0318H         LINE#         86
  C:0318H         LINE#         87
  C:031AH         LINE#         88
  C:031CH         LINE#         89
  C:031FH         LINE#         90
  C:0322H         LINE#         91
  C:0324H         LINE#         93
  C:032AH         LINE#         94
  C:032AH         LINE#         95
  C:032DH         LINE#         96
  C:032FH         LINE#         97
  C:0332H         LINE#         98
  C:0335H         LINE#         99
  C:0337H         LINE#         100
  C:0339H         LINE#         101
  C:033BH         LINE#         102
  C:033EH         LINE#         103
  C:0340H         LINE#         104
  C:0342H         LINE#         105
  C:0348H         LINE#         106
  C:034AH         LINE#         107
  C:034DH         LINE#         108
  C:034DH         LINE#         109
  C:034FH         LINE#         110
  C:0351H         LINE#         111
  C:0353H         LINE#         113
  C:0353H         LINE#         114
  C:0373H         LINE#         115
  C:0373H         LINE#         116
  C:0373H         LINE#         117
  -------         ENDPROC       READ_DIS
  -------         ENDMOD        CSB

  -------         MODULE        ?C?FPMUL
  C:0003H         PUBLIC        ?C?FPMUL
  -------         ENDMOD        ?C?FPMUL

  -------         MODULE        ?C?FCAST
  C:0113H         PUBLIC        ?C?FCASTC
  C:010EH         PUBLIC        ?C?FCASTI
  C:0109H         PUBLIC        ?C?FCASTL
  -------         ENDMOD        ?C?FCAST

BL51 BANKED LINKER/LOCATER V6.22                                                      05/16/2024  19:23:02  PAGE 6


  -------         MODULE        ?C?CASTF
  C:0147H         PUBLIC        ?C?CASTF
  -------         ENDMOD        ?C?CASTF

  -------         MODULE        ?C?UIDIV
  C:01C8H         PUBLIC        ?C?UIDIV
  -------         ENDMOD        ?C?UIDIV

  -------         MODULE        ?C?LNEG
  C:021DH         PUBLIC        ?C?LNEG
  -------         ENDMOD        ?C?LNEG

Program Size: data=11.0 xdata=0 code=1057
LINK/LOCATE RUN COMPLETE.  0 WARNING(S),  0 ERROR(S)
