BL51 BANKED LINKER/LOCATER V6.22                                                        03/21/2024  22:31:42  PAGE 1


BL51 BANKED LINKER/LOCATER V6.22, INVOKED BY:
C:\KEIL_C51V956\C51\BIN\BL51.EXE .\Objects\STARTUP.obj, .\Objects\DS1302Test1.obj, .\Objects\ds1302.obj TO .\Objects\DS1
>> 302Test PRINT (.\Listings\DS1302Test.m51) RAMSIZE (256)


MEMORY MODEL: SMALL


INPUT MODULES INCLUDED:
  .\Objects\STARTUP.obj (?C_STARTUP)
  .\Objects\DS1302Test1.obj (DS1302TEST1)
  .\Objects\ds1302.obj (DS1302)
  C:\KEIL_C51V956\C51\LIB\C51S.LIB (?C_INIT)


LINK MAP OF MODULE:  .\Objects\DS1302Test (?C_STARTUP)


            TYPE    BASE      LENGTH    RELOCATION   SEGMENT NAME
            -----------------------------------------------------

            * * * * * * *   D A T A   M E M O R Y   * * * * * * *
            REG     0000H     0008H     ABSOLUTE     "REG BANK 0"
            DATA    0008H     0015H     UNIT         ?DT?DS1302TEST1
            DATA    001DH     0001H     UNIT         _DATA_GROUP_
            IDATA   001EH     0001H     UNIT         ?STACK

            * * * * * * *   C O D E   M E M O R Y   * * * * * * *
            CODE    0000H     0003H     ABSOLUTE     
            CODE    0003H     008CH     UNIT         ?C_C51STARTUP
            CODE    008FH     0057H     UNIT         ?PR?SHOW_TIME?DS1302TEST1
            CODE    00E6H     003CH     UNIT         ?PR?_SELECTHC573?DS1302TEST1
            CODE    0122H     0034H     UNIT         ?PR?_READ_DS1302_BYTE?DS1302
            CODE    0156H     002DH     UNIT         ?PR?DS1302_CONFIG?DS1302TEST1
            CODE    0183H     0020H     UNIT         ?PR?READ_DS1302_TIME?DS1302TEST1
            CODE    01A3H     001CH     UNIT         ?PR?_DISPLAY_SMG?DS1302TEST1
            CODE    01BFH     001CH     UNIT         ?C_INITSEG
            CODE    01DBH     001AH     UNIT         ?PR?_DELAY_SMG?DS1302TEST1
            CODE    01F5H     0014H     UNIT         ?PR?_WRITE_DS1302_BYTE?DS1302
            CODE    0209H     0013H     UNIT         ?PR?_WRITE_DS1302?DS1302
            CODE    021CH     0012H     UNIT         ?CO?DS1302TEST1
            CODE    022EH     000BH     UNIT         ?PR?MAIN?DS1302TEST1
            CODE    0239H     0007H     UNIT         ?PR?SMG_ALL?DS1302TEST1



OVERLAY MAP OF MODULE:   .\Objects\DS1302Test (?C_STARTUP)


SEGMENT                                    DATA_GROUP 
  +--> CALLED SEGMENT                    START    LENGTH
--------------------------------------------------------
?C_C51STARTUP                            -----    -----
  +--> ?PR?MAIN?DS1302TEST1
  +--> ?C_INITSEG

?PR?MAIN?DS1302TEST1                     -----    -----
  +--> ?PR?DS1302_CONFIG?DS1302TEST1
BL51 BANKED LINKER/LOCATER V6.22                                                      03/21/2024  22:31:42  PAGE 2


  +--> ?PR?READ_DS1302_TIME?DS1302TEST1
  +--> ?PR?SHOW_TIME?DS1302TEST1

?PR?DS1302_CONFIG?DS1302TEST1            001DH    0001H
  +--> ?PR?_WRITE_DS1302_BYTE?DS1302

?PR?_WRITE_DS1302_BYTE?DS1302            -----    -----
  +--> ?PR?_WRITE_DS1302?DS1302

?PR?READ_DS1302_TIME?DS1302TEST1         001DH    0001H
  +--> ?PR?_READ_DS1302_BYTE?DS1302

?PR?_READ_DS1302_BYTE?DS1302             -----    -----
  +--> ?PR?_WRITE_DS1302?DS1302

?PR?SHOW_TIME?DS1302TEST1                -----    -----
  +--> ?CO?DS1302TEST1
  +--> ?PR?_DELAY_SMG?DS1302TEST1
  +--> ?PR?SMG_ALL?DS1302TEST1

?PR?_DELAY_SMG?DS1302TEST1               -----    -----
  +--> ?CO?DS1302TEST1
  +--> ?PR?_DISPLAY_SMG?DS1302TEST1

?PR?_DISPLAY_SMG?DS1302TEST1             -----    -----
  +--> ?PR?_SELECTHC573?DS1302TEST1

?PR?SMG_ALL?DS1302TEST1                  -----    -----
  +--> ?PR?_SELECTHC573?DS1302TEST1



SYMBOL TABLE OF MODULE:  .\Objects\DS1302Test (?C_STARTUP)

  VALUE           TYPE          NAME
  ----------------------------------

  -------         MODULE        ?C_STARTUP
  C:0003H         SEGMENT       ?C_C51STARTUP
  I:001EH         SEGMENT       ?STACK
  C:0000H         PUBLIC        ?C_STARTUP
  D:00E0H         SYMBOL        ACC
  D:00F0H         SYMBOL        B
  D:0083H         SYMBOL        DPH
  D:0082H         SYMBOL        DPL
  N:0000H         SYMBOL        IBPSTACK
  N:0100H         SYMBOL        IBPSTACKTOP
  N:0080H         SYMBOL        IDATALEN
  C:0006H         SYMBOL        IDATALOOP
  N:0000H         SYMBOL        PBPSTACK
  N:0100H         SYMBOL        PBPSTACKTOP
  N:0000H         SYMBOL        PDATALEN
  N:0000H         SYMBOL        PDATASTART
  N:0000H         SYMBOL        PPAGE
  N:0000H         SYMBOL        PPAGEENABLE
  D:00A0H         SYMBOL        PPAGE_SFR
  D:0081H         SYMBOL        SP
BL51 BANKED LINKER/LOCATER V6.22                                                      03/21/2024  22:31:42  PAGE 3


  C:0003H         SYMBOL        STARTUP1
  N:0000H         SYMBOL        XBPSTACK
  N:0000H         SYMBOL        XBPSTACKTOP
  N:0000H         SYMBOL        XDATALEN
  N:0000H         SYMBOL        XDATASTART
  C:0000H         LINE#         126
  C:0003H         LINE#         133
  C:0005H         LINE#         134
  C:0006H         LINE#         135
  C:0007H         LINE#         136
  C:0009H         LINE#         185
  C:000CH         LINE#         196
  -------         ENDMOD        ?C_STARTUP

  -------         MODULE        DS1302TEST1
  C:0000H         SYMBOL        _ICE_DUMMY_
  D:0080H         PUBLIC        P0
  D:0090H         PUBLIC        P1
  D:00A0H         PUBLIC        P2
  D:00B0H         PUBLIC        P3
  D:0008H         PUBLIC        Timer
  D:00C0H         PUBLIC        P4
  D:00C8H         PUBLIC        P5
  D:00E8H         PUBLIC        P6
  D:00F8H         PUBLIC        P7
  D:00A8H         PUBLIC        IE
  C:00EFH         PUBLIC        _SelectHC573
  D:000FH         PUBLIC        Read_ds1302_adr
  D:00B8H         PUBLIC        IP
  D:00D8H         PUBLIC        CCON
  C:022EH         PUBLIC        main
  D:0016H         PUBLIC        Write_ds1302_adr
  C:0183H         PUBLIC        read_ds1302_time
  D:0098H         PUBLIC        SCON
  D:0088H         PUBLIC        TCON
  C:01A3H         PUBLIC        _display_SMG
  C:008FH         PUBLIC        show_time
  C:021CH         PUBLIC        SMG_number
  C:0156H         PUBLIC        ds1302_Config
  C:01EAH         PUBLIC        _delay_SMG
  C:0239H         PUBLIC        smg_all
  D:00D0H         PUBLIC        PSW
  -------         PROC          L?0029
  -------         ENDPROC       L?0029
  -------         PROC          _SELECTHC573
  D:0007H         SYMBOL        channel
  C:00EFH         LINE#         14
  C:00EFH         LINE#         15
  C:00EFH         LINE#         16
  C:00FEH         LINE#         17
  C:00FEH         LINE#         18
  C:00FEH         LINE#         19
  C:0106H         LINE#         20
  C:0107H         LINE#         21
  C:0107H         LINE#         22
  C:010FH         LINE#         23
  C:0110H         LINE#         24
BL51 BANKED LINKER/LOCATER V6.22                                                      03/21/2024  22:31:42  PAGE 4


  C:0110H         LINE#         25
  C:0118H         LINE#         26
  C:0119H         LINE#         27
  C:0119H         LINE#         28
  C:0121H         LINE#         29
  C:0121H         LINE#         30
  C:0121H         LINE#         31
  -------         ENDPROC       _SELECTHC573
  -------         PROC          _DISPLAY_SMG
  D:0006H         SYMBOL        pos
  D:0005H         SYMBOL        value
  C:01A3H         LINE#         33
  C:01A5H         LINE#         34
  C:01A5H         LINE#         35
  C:01A5H         LINE#         36
  C:01A5H         LINE#         38
  C:01A8H         LINE#         39
  C:01B7H         LINE#         41
  C:01BCH         LINE#         42
  C:01BEH         LINE#         43
  -------         ENDPROC       _DISPLAY_SMG
  -------         PROC          DS1302_CONFIG
  -------         DO            
  D:001DH         SYMBOL        i
  -------         ENDDO         
  C:0156H         LINE#         44
  C:0156H         LINE#         45
  C:0156H         LINE#         47
  C:015DH         LINE#         48
  C:0160H         LINE#         49
  C:0160H         LINE#         50
  C:0171H         LINE#         51
  C:017CH         LINE#         52
  -------         ENDPROC       DS1302_CONFIG
  -------         PROC          READ_DS1302_TIME
  -------         DO            
  D:001DH         SYMBOL        i
  -------         ENDDO         
  C:0183H         LINE#         54
  C:0183H         LINE#         55
  C:0183H         LINE#         57
  C:0186H         LINE#         58
  C:0186H         LINE#         59
  C:0197H         LINE#         60
  C:01A2H         LINE#         61
  -------         ENDPROC       READ_DS1302_TIME
  -------         PROC          SMG_ALL
  C:0239H         LINE#         62
  C:0239H         LINE#         63
  C:0239H         LINE#         64
  C:0239H         LINE#         65
  C:0239H         LINE#         66
  C:023CH         LINE#         67
  C:023FH         LINE#         68
  -------         ENDPROC       SMG_ALL
  C:01E3H         SYMBOL        L?0028
  -------         PROC          L?0027
BL51 BANKED LINKER/LOCATER V6.22                                                      03/21/2024  22:31:42  PAGE 5


  -------         ENDPROC       L?0027
  C:01E3H         SYMBOL        L?0028
  -------         PROC          _DELAY_SMG
  D:0006H         SYMBOL        t
  C:01EAH         LINE#         69
  C:01EAH         LINE#         70
  C:01EAH         LINE#         71
  C:01F4H         LINE#         72
  -------         ENDPROC       _DELAY_SMG
  -------         PROC          SHOW_TIME
  C:008FH         LINE#         73
  C:008FH         LINE#         74
  C:008FH         LINE#         75
  C:009BH         LINE#         76
  C:009EH         LINE#         77
  C:00A6H         LINE#         78
  C:00A9H         LINE#         80
  C:00B1H         LINE#         81
  C:00B4H         LINE#         83
  C:00B8H         LINE#         84
  C:00BBH         LINE#         85
  C:00C3H         LINE#         86
  C:00C6H         LINE#         88
  C:00CEH         LINE#         89
  C:00D1H         LINE#         91
  C:00D5H         LINE#         92
  C:00D8H         LINE#         93
  C:00E0H         LINE#         94
  C:00E3H         LINE#         96
  -------         ENDPROC       SHOW_TIME
  -------         PROC          MAIN
  C:022EH         LINE#         102
  C:022EH         LINE#         103
  C:022EH         LINE#         104
  C:0231H         LINE#         105
  C:0231H         LINE#         106
  C:0231H         LINE#         107
  C:0234H         LINE#         108
  C:0237H         LINE#         109
  -------         ENDPROC       MAIN
  -------         ENDMOD        DS1302TEST1

  -------         MODULE        DS1302
  C:0000H         SYMBOL        _ICE_DUMMY_
  D:0080H         PUBLIC        P0
  D:0090H         PUBLIC        P1
  D:00A0H         PUBLIC        P2
  D:00B0H         PUBLIC        P3
  D:00C0H         PUBLIC        P4
  D:00C8H         PUBLIC        P5
  D:00E8H         PUBLIC        P6
  D:00F8H         PUBLIC        P7
  D:00A8H         PUBLIC        IE
  D:00B8H         PUBLIC        IP
  D:00D8H         PUBLIC        CCON
  D:0098H         PUBLIC        SCON
  D:0088H         PUBLIC        TCON
BL51 BANKED LINKER/LOCATER V6.22                                                      03/21/2024  22:31:42  PAGE 6


  C:0122H         PUBLIC        _Read_Ds1302_Byte
  B:00A0H.3       PUBLIC        SDA
  B:0090H.7       PUBLIC        SCK
  C:01F5H         PUBLIC        _Write_Ds1302_Byte
  C:0209H         PUBLIC        _Write_Ds1302
  B:0090H.3       PUBLIC        RST
  D:00D0H         PUBLIC        PSW
  -------         PROC          _WRITE_DS1302
  D:0007H         SYMBOL        temp
  -------         DO            
  D:0006H         SYMBOL        i
  -------         ENDDO         
  C:0209H         LINE#         8
  C:0209H         LINE#         9
  C:0209H         LINE#         11
  C:020BH         LINE#         12
  C:020BH         LINE#         13
  C:020DH         LINE#         14
  C:0211H         LINE#         15
  C:0215H         LINE#         16
  C:0217H         LINE#         17
  C:021BH         LINE#         18
  -------         ENDPROC       _WRITE_DS1302
  -------         PROC          _WRITE_DS1302_BYTE
  D:0007H         SYMBOL        address
  D:0005H         SYMBOL        dat
  C:01F5H         LINE#         21
  C:01F5H         LINE#         22
  C:01F5H         LINE#         23
  C:01F8H         LINE#         24
  C:01FBH         LINE#         25
  C:01FEH         LINE#         26
  C:0201H         LINE#         27
  C:0206H         LINE#         28
  C:0208H         LINE#         29
  -------         ENDPROC       _WRITE_DS1302_BYTE
  -------         PROC          _READ_DS1302_BYTE
  D:0007H         SYMBOL        address
  -------         DO            
  D:0007H         SYMBOL        i
  D:0005H         SYMBOL        temp
  -------         ENDDO         
  C:0122H         LINE#         32
  C:0122H         LINE#         33
  C:0122H         LINE#         34
  C:0124H         LINE#         35
  C:0127H         LINE#         36
  C:012AH         LINE#         37
  C:012DH         LINE#         38
  C:0130H         LINE#         39
  C:0132H         LINE#         40
  C:0132H         LINE#         41
  C:0134H         LINE#         42
  C:0138H         LINE#         43
  C:013BH         LINE#         44
  C:013EH         LINE#         45
  C:0140H         LINE#         46
BL51 BANKED LINKER/LOCATER V6.22                                                      03/21/2024  22:31:42  PAGE 7


  C:0144H         LINE#         47
  C:0147H         LINE#         48
  C:014AH         LINE#         49
  C:014DH         LINE#         50
  C:0150H         LINE#         51
  C:0153H         LINE#         52
  C:0155H         LINE#         53
  -------         ENDPROC       _READ_DS1302_BYTE
  -------         ENDMOD        DS1302

Program Size: data=31.0 xdata=0 code=576
LINK/LOCATE RUN COMPLETE.  0 WARNING(S),  0 ERROR(S)
